15:00:05 **** Incremental Build of configuration Debug for project BitField ****
make -j8 all 
arm-none-eabi-gcc "../Src/main.c" -mcpu=cortex-m4 -std=gnu11 -g3 -DDEBUG -DSTM32 -DSTM32F4 -DSTM32F407VGTx -c -I../Inc -O0 -ffunction-sections -fdata-sections -Wall -fstack-usage -MMD -MP -MF"Src/main.d" -MT"Src/main.o" --specs=nano.specs -mfpu=fpv4-sp-d16 -mfloat-abi=hard -mthumb -o "Src/main.o"
../Src/main.c:23:4: warning: #warning "FPU is not initialized, but the project is compiling for an FPU. Please initialize the FPU before use." [-Wcpp]
   23 |   #warning "FPU is not initialized, but the project is compiling for an FPU. Please initialize the FPU before use."
      |    ^~~~~~~
arm-none-eabi-gcc -o "BitField.elf" @"objects.list"   -mcpu=cortex-m4 -T"/home/fikrat/CPlus_Tutorial/Embedded_C/myworkspace/target/BitField/STM32F407VGTX_FLASH.ld" --specs=nosys.specs -Wl,-Map="BitField.map" -Wl,--gc-sections -static --specs=nano.specs -mfpu=fpv4-sp-d16 -mfloat-abi=hard -mthumb -Wl,--start-group -lc -lm -Wl,--end-group
Finished building target: BitField.elf
 
arm-none-eabi-size   BitField.elf 
arm-none-eabi-objdump -h -S  BitField.elf  > "BitField.list"
   text	   data	    bss	    dec	    hex	filename
    788	      8	   1568	   2364	    93c	BitField.elf
Finished building: default.size.stdout
 
Finished building: BitField.list
 
15:00:13 **** Incremental Build of configuration Debug for project BitField ****
make -j8 all 
arm-none-eabi-size   BitField.elf 
   text	   data	    bss	    dec	    hex	filename
    788	      8	   1568	   2364	    93c	BitField.elf
Finished building: default.size.stdout
 
15:01:01 **** Incremental Build of configuration Debug for project BitField ****
make -j8 all 
arm-none-eabi-size   BitField.elf 
   text	   data	    bss	    dec	    hex	filename
    788	      8	   1568	   2364	    93c	BitField.elf
Finished building: default.size.stdout
 
15:02:35 **** Incremental Build of configuration Debug for project BitField ****
make -j8 all 
arm-none-eabi-size   BitField.elf 
   text	   data	    bss	    dec	    hex	filename
    788	      8	   1568	   2364	    93c	BitField.elf
Finished building: default.size.stdout
 
