16:46:24 **** Incremental Build of configuration Debug for project ioPin_Read ****
make -j8 all 
arm-none-eabi-gcc "../Src/main.c" -mcpu=cortex-m4 -std=gnu11 -g3 -DDEBUG -DSTM32 -DSTM32F4 -DSTM32F407VGTx -c -I../Inc -O0 -ffunction-sections -fdata-sections -Wall -fstack-usage -MMD -MP -MF"Src/main.d" -MT"Src/main.o" --specs=nano.specs -mfpu=fpv4-sp-d16 -mfloat-abi=hard -mthumb -o "Src/main.o"
../Src/main.c:22:4: warning: #warning "FPU is not initialized, but the project is compiling for an FPU. Please initialize the FPU before use." [-Wcpp]
   22 |   #warning "FPU is not initialized, but the project is compiling for an FPU. Please initialize the FPU before use."
      |    ^~~~~~~
arm-none-eabi-gcc -o "ioPin_Read.elf" @"objects.list"   -mcpu=cortex-m4 -T"/home/fikrat/CPlus_Tutorial/Embedded_C/myworkspace/target/ioPin_Read/STM32F407VGTX_FLASH.ld" --specs=nosys.specs -Wl,-Map="ioPin_Read.map" -Wl,--gc-sections -static --specs=nano.specs -mfpu=fpv4-sp-d16 -mfloat-abi=hard -mthumb -Wl,--start-group -lc -lm -Wl,--end-group
Finished building target: ioPin_Read.elf
 
arm-none-eabi-size   ioPin_Read.elf 
arm-none-eabi-objdump -h -S  ioPin_Read.elf  > "ioPin_Read.list"
   text	   data	    bss	    dec	    hex	filename
    872	      8	   1568	   2448	    990	ioPin_Read.elf
Finished building: default.size.stdout
 
Finished building: ioPin_Read.list
 

16:46:24 Build Finished. 0 errors, 1 warnings. (took 270ms)

