10:02:46 **** Incremental Build of configuration Debug for project driverDevelopment ****
make -j8 all 
arm-none-eabi-gcc "../Src/main.c" -mcpu=cortex-m4 -std=gnu11 -g3 -DDEBUG -DSTM32 -DSTM32F4 -DSTM32F407VGTx -c -I../Inc -I"/home/fikrat/CPlus_Tutorial/Embedded_C/MyEmbedded_Driver/target/stm32407vgt6_drivers/driverDevelopment/drivers/Inc" -O0 -ffunction-sections -fdata-sections -Wall -fstack-usage -MMD -MP -MF"Src/main.d" -MT"Src/main.o" --specs=nano.specs -mfpu=fpv4-sp-d16 -mfloat-abi=hard -mthumb -o "Src/main.o"
arm-none-eabi-gcc "../Src/syscalls.c" -mcpu=cortex-m4 -std=gnu11 -g3 -DDEBUG -DSTM32 -DSTM32F4 -DSTM32F407VGTx -c -I../Inc -I"/home/fikrat/CPlus_Tutorial/Embedded_C/MyEmbedded_Driver/target/stm32407vgt6_drivers/driverDevelopment/drivers/Inc" -O0 -ffunction-sections -fdata-sections -Wall -fstack-usage -MMD -MP -MF"Src/syscalls.d" -MT"Src/syscalls.o" --specs=nano.specs -mfpu=fpv4-sp-d16 -mfloat-abi=hard -mthumb -o "Src/syscalls.o"
arm-none-eabi-gcc "../Src/sysmem.c" -mcpu=cortex-m4 -std=gnu11 -g3 -DDEBUG -DSTM32 -DSTM32F4 -DSTM32F407VGTx -c -I../Inc -I"/home/fikrat/CPlus_Tutorial/Embedded_C/MyEmbedded_Driver/target/stm32407vgt6_drivers/driverDevelopment/drivers/Inc" -O0 -ffunction-sections -fdata-sections -Wall -fstack-usage -MMD -MP -MF"Src/sysmem.d" -MT"Src/sysmem.o" --specs=nano.specs -mfpu=fpv4-sp-d16 -mfloat-abi=hard -mthumb -o "Src/sysmem.o"
../Src/main.c:22:4: warning: #warning "FPU is not initialized, but the project is compiling for an FPU. Please initialize the FPU before use." [-Wcpp]
   22 |   #warning "FPU is not initialized, but the project is compiling for an FPU. Please initialize the FPU before use."
      |    ^~~~~~~
arm-none-eabi-gcc -o "driverDevelopment.elf" @"objects.list"   -mcpu=cortex-m4 -T"/home/fikrat/CPlus_Tutorial/Embedded_C/MyEmbedded_Driver/target/stm32407vgt6_drivers/driverDevelopment/STM32F407VGTX_FLASH.ld" --specs=nosys.specs -Wl,-Map="driverDevelopment.map" -Wl,--gc-sections -static --specs=nano.specs -mfpu=fpv4-sp-d16 -mfloat-abi=hard -mthumb -Wl,--start-group -lc -lm -Wl,--end-group
Finished building target: driverDevelopment.elf
 
arm-none-eabi-size   driverDevelopment.elf 
arm-none-eabi-objdump -h -S  driverDevelopment.elf  > "driverDevelopment.list"
   text	   data	    bss	    dec	    hex	filename
    676	      8	   1568	   2252	    8cc	driverDevelopment.elf
Finished building: default.size.stdout
 
Finished building: driverDevelopment.list
 

10:02:46 Build Finished. 0 errors, 1 warnings. (took 269ms)

