../Src/syscalls.c:48:6:ITM_SendChar	16	static
../Src/syscalls.c:86:6:initialise_monitor_handles	4	static
../Src/syscalls.c:90:5:_getpid	4	static
../Src/syscalls.c:95:5:_kill	16	static
../Src/syscalls.c:101:6:_exit	16	static
../Src/syscalls.c:107:27:_read	32	static
../Src/syscalls.c:119:27:_write	32	static
../Src/syscalls.c:131:5:_close	16	static
../Src/syscalls.c:137:5:_fstat	16	static
../Src/syscalls.c:143:5:_isatty	16	static
../Src/syscalls.c:148:5:_lseek	24	static
../Src/syscalls.c:153:5:_open	12	static
../Src/syscalls.c:159:5:_wait	16	static
../Src/syscalls.c:165:5:_unlink	16	static
../Src/syscalls.c:171:5:_times	16	static
../Src/syscalls.c:176:5:_stat	16	static
../Src/syscalls.c:182:5:_link	16	static
../Src/syscalls.c:188:5:_fork	8	static
../Src/syscalls.c:194:5:_execve	24	static
