16:06:45 **** Incremental Build of configuration Debug for project nestMCOX ****
make -j8 all 
arm-none-eabi-gcc "../Src/main.c" -mcpu=cortex-m4 -std=gnu11 -g3 -DDEBUG -DSTM32 -DSTM32F4 -DSTM32F407VGTx -c -I../Inc -O0 -ffunction-sections -fdata-sections -Wall -fstack-usage -MMD -MP -MF"Src/main.d" -MT"Src/main.o" --specs=nano.specs -mfpu=fpv4-sp-d16 -mfloat-abi=hard -mthumb -o "Src/main.o"
arm-none-eabi-gcc -o "nestMCOX.elf" @"objects.list"   -mcpu=cortex-m4 -T"/home/fikrat/CPlus_Tutorial/Embedded_C/MyEmbedded_Driver/target/nestMCOX/STM32F407VGTX_FLASH.ld" --specs=nosys.specs -Wl,-Map="nestMCOX.map" -Wl,--gc-sections -static --specs=nano.specs -mfpu=fpv4-sp-d16 -mfloat-abi=hard -mthumb -Wl,--start-group -lc -lm -Wl,--end-group
Finished building target: nestMCOX.elf
 
arm-none-eabi-size   nestMCOX.elf 
arm-none-eabi-objdump -h -S  nestMCOX.elf  > "nestMCOX.list"
   text	   data	    bss	    dec	    hex	filename
    792	      8	   1568	   2368	    940	nestMCOX.elf
Finished building: default.size.stdout
 
Finished building: nestMCOX.list
 
16:07:22 **** Incremental Build of configuration Debug for project nestMCOX ****
make -j8 all 
arm-none-eabi-size   nestMCOX.elf 
   text	   data	    bss	    dec	    hex	filename
    792	      8	   1568	   2368	    940	nestMCOX.elf
Finished building: default.size.stdout
 
16:08:00 **** Incremental Build of configuration Debug for project nestMCOX ****
make -j8 all 
arm-none-eabi-size   nestMCOX.elf 
   text	   data	    bss	    dec	    hex	filename
    792	      8	   1568	   2368	    940	nestMCOX.elf
Finished building: default.size.stdout
 
