/home/fikrat/CPlus_Tutorial/Embedded_C/MyEmbedded_Driver/target/stm32407vgt6_drivers/peripheralsDriverDevelopment/drivers/Src/stm32fxx.gpio_driver.c:35:6:GPIO_PeriClockControl	16	static
/home/fikrat/CPlus_Tutorial/Embedded_C/MyEmbedded_Driver/target/stm32407vgt6_drivers/peripheralsDriverDevelopment/drivers/Src/stm32fxx.gpio_driver.c:113:6:GPIO_Init	32	static
/home/fikrat/CPlus_Tutorial/Embedded_C/MyEmbedded_Driver/target/stm32407vgt6_drivers/peripheralsDriverDevelopment/drivers/Src/stm32fxx.gpio_driver.c:261:6:GPIO_DeInit	16	static
/home/fikrat/CPlus_Tutorial/Embedded_C/MyEmbedded_Driver/target/stm32407vgt6_drivers/peripheralsDriverDevelopment/drivers/Src/stm32fxx.gpio_driver.c:327:9:GPIO_ReadFromInputPin	24	static
/home/fikrat/CPlus_Tutorial/Embedded_C/MyEmbedded_Driver/target/stm32407vgt6_drivers/peripheralsDriverDevelopment/drivers/Src/stm32fxx.gpio_driver.c:349:10:GPIO_ReadFromInputPort	24	static
/home/fikrat/CPlus_Tutorial/Embedded_C/MyEmbedded_Driver/target/stm32407vgt6_drivers/peripheralsDriverDevelopment/drivers/Src/stm32fxx.gpio_driver.c:371:6:GPIO_WriteToOutputPin	16	static
/home/fikrat/CPlus_Tutorial/Embedded_C/MyEmbedded_Driver/target/stm32407vgt6_drivers/peripheralsDriverDevelopment/drivers/Src/stm32fxx.gpio_driver.c:400:6:GPIO_WriteToOutputPort	16	static
/home/fikrat/CPlus_Tutorial/Embedded_C/MyEmbedded_Driver/target/stm32407vgt6_drivers/peripheralsDriverDevelopment/drivers/Src/stm32fxx.gpio_driver.c:419:6:GPIO_ToggleOutputPin	16	static
/home/fikrat/CPlus_Tutorial/Embedded_C/MyEmbedded_Driver/target/stm32407vgt6_drivers/peripheralsDriverDevelopment/drivers/Src/stm32fxx.gpio_driver.c:441:6:GPIO_IRQConfig	16	static
/home/fikrat/CPlus_Tutorial/Embedded_C/MyEmbedded_Driver/target/stm32407vgt6_drivers/peripheralsDriverDevelopment/drivers/Src/stm32fxx.gpio_driver.c:504:6:GPIO_PRIORITY	24	static
/home/fikrat/CPlus_Tutorial/Embedded_C/MyEmbedded_Driver/target/stm32407vgt6_drivers/peripheralsDriverDevelopment/drivers/Src/stm32fxx.gpio_driver.c:538:6:GPIO_INTERRUPT_Handling	16	static
/home/fikrat/CPlus_Tutorial/Embedded_C/MyEmbedded_Driver/target/stm32407vgt6_drivers/peripheralsDriverDevelopment/drivers/Src/stm32fxx.gpio_driver.c:555:6:delay	16	static
/home/fikrat/CPlus_Tutorial/Embedded_C/MyEmbedded_Driver/target/stm32407vgt6_drivers/peripheralsDriverDevelopment/drivers/Src/stm32fxx.gpio_driver.c:579:9:GPIO_BASEADDR_TOCODE	16	static
../Src/button_interrupt.c:14:5:main	32	static
../Src/button_interrupt.c:67:6:EXTI9_5_IRQHandler	8	static
